Archive member included because of file (symbol)

a:/winavr/bin/../lib/gcc/avr/4.3.3/avr5\libgcc.a(_mulsi3.o)
                              ./03-MCAL/TIM/TIM_program.o (__mulsi3)
a:/winavr/bin/../lib/gcc/avr/4.3.3/avr5\libgcc.a(_udivmodsi4.o)
                              ./03-MCAL/TIM/TIM_program.o (__udivmodsi4)
a:/winavr/bin/../lib/gcc/avr/4.3.3/avr5\libgcc.a(_exit.o)
                              a:/winavr/bin/../lib/gcc/avr/4.3.3/../../../../avr/lib/avr5/crtm32.o (exit)
a:/winavr/bin/../lib/gcc/avr/4.3.3/avr5\libgcc.a(_copy_data.o)
                              ./02-HAL/KEYPAD/KEYPAD.o (__do_copy_data)
a:/winavr/bin/../lib/gcc/avr/4.3.3/avr5\libgcc.a(_clear_bss.o)
                              ./03-MCAL/UART/UART_program.o (__do_clear_bss)
a:/winavr/bin/../lib/gcc/avr/4.3.3/avr5\libgcc.a(_fixunssfsi.o)
                              ./03-MCAL/TIM/TIM_program.o (__fixunssfsi)
a:/winavr/bin/../lib/gcc/avr/4.3.3/avr5\libgcc.a(_addsub_sf.o)
                              ./02-HAL/LCD/LCD.o (__subsf3)
a:/winavr/bin/../lib/gcc/avr/4.3.3/avr5\libgcc.a(_mul_sf.o)
                              ./03-MCAL/TIM/TIM_program.o (__mulsf3)
a:/winavr/bin/../lib/gcc/avr/4.3.3/avr5\libgcc.a(_div_sf.o)
                              ./03-MCAL/TIM/TIM_program.o (__divsf3)
a:/winavr/bin/../lib/gcc/avr/4.3.3/avr5\libgcc.a(_gt_sf.o)
                              ./02-HAL/LCD/LCD.o (__gtsf2)
a:/winavr/bin/../lib/gcc/avr/4.3.3/avr5\libgcc.a(_ge_sf.o)
                              ./main_2.o (__gesf2)
a:/winavr/bin/../lib/gcc/avr/4.3.3/avr5\libgcc.a(_lt_sf.o)
                              ./02-HAL/LCD/LCD.o (__ltsf2)
a:/winavr/bin/../lib/gcc/avr/4.3.3/avr5\libgcc.a(_si_to_sf.o)
                              ./02-HAL/LCD/LCD.o (__floatsisf)
a:/winavr/bin/../lib/gcc/avr/4.3.3/avr5\libgcc.a(_sf_to_si.o)
                              a:/winavr/bin/../lib/gcc/avr/4.3.3/avr5\libgcc.a(_fixunssfsi.o) (__fixsfsi)
a:/winavr/bin/../lib/gcc/avr/4.3.3/avr5\libgcc.a(_thenan_sf.o)
                              a:/winavr/bin/../lib/gcc/avr/4.3.3/avr5\libgcc.a(_addsub_sf.o) (__thenan_sf)
a:/winavr/bin/../lib/gcc/avr/4.3.3/avr5\libgcc.a(_usi_to_sf.o)
                              ./02-HAL/LCD/LCD.o (__floatunsisf)
a:/winavr/bin/../lib/gcc/avr/4.3.3/avr5\libgcc.a(_prologue.o)
                              a:/winavr/bin/../lib/gcc/avr/4.3.3/avr5\libgcc.a(_addsub_sf.o) (__prologue_saves__)
a:/winavr/bin/../lib/gcc/avr/4.3.3/avr5\libgcc.a(_epilogue.o)
                              a:/winavr/bin/../lib/gcc/avr/4.3.3/avr5\libgcc.a(_addsub_sf.o) (__epilogue_restores__)
a:/winavr/bin/../lib/gcc/avr/4.3.3/avr5\libgcc.a(_clzsi2.o)
                              a:/winavr/bin/../lib/gcc/avr/4.3.3/avr5\libgcc.a(_si_to_sf.o) (__clzsi2)
a:/winavr/bin/../lib/gcc/avr/4.3.3/avr5\libgcc.a(_pack_sf.o)
                              a:/winavr/bin/../lib/gcc/avr/4.3.3/avr5\libgcc.a(_addsub_sf.o) (__pack_f)
a:/winavr/bin/../lib/gcc/avr/4.3.3/avr5\libgcc.a(_unpack_sf.o)
                              a:/winavr/bin/../lib/gcc/avr/4.3.3/avr5\libgcc.a(_addsub_sf.o) (__unpack_f)
a:/winavr/bin/../lib/gcc/avr/4.3.3/avr5\libgcc.a(_fpcmp_parts_sf.o)
                              a:/winavr/bin/../lib/gcc/avr/4.3.3/avr5\libgcc.a(_gt_sf.o) (__fpcmp_parts_f)
a:/winavr/bin/../lib/gcc/avr/4.3.3/avr5\libgcc.a(_clz.o)
                              a:/winavr/bin/../lib/gcc/avr/4.3.3/avr5\libgcc.a(_clzsi2.o) (__clz_tab)

Allocating common symbols
Common symbol       size              file

Temp_digital        0x4               ./main_2.o
Temp_Analog         0x2               ./main_2.o
option_final        0x1               ./main_2.o
Rx_data             0x1               ./main_2.o
poten_digital       0x4               ./main_2.o
mode_final          0x1               ./main_2.o
Poten_Analog        0x2               ./main_2.o

Memory Configuration

Name             Origin             Length             Attributes
text             0x00000000         0x00020000         xr
data             0x00800060         0x0000ffa0         rw !x
eeprom           0x00810000         0x00010000         rw !x
fuse             0x00820000         0x00000400         rw !x
lock             0x00830000         0x00000400         rw !x
signature        0x00840000         0x00000400         rw !x
*default*        0x00000000         0xffffffff

Linker script and memory map

LOAD a:/winavr/bin/../lib/gcc/avr/4.3.3/../../../../avr/lib/avr5/crtm32.o
LOAD ./03-MCAL/UART/Global_Interrupt_program.o
LOAD ./03-MCAL/UART/UART_program.o
LOAD ./03-MCAL/TIM/TIM_program.o
LOAD ./03-MCAL/DIO/DIO_program.o
LOAD ./03-MCAL/ADC/ADC_program.o
LOAD ./02-HAL/LCD/LCD.o
LOAD ./02-HAL/KEYPAD/KEYPAD.o
LOAD ./main_2.o
LOAD a:/winavr/bin/../lib/gcc/avr/4.3.3/avr5\libgcc.a
LOAD a:/winavr/bin/../lib/gcc/avr/4.3.3/../../../../avr/lib/avr5\libc.a
LOAD a:/winavr/bin/../lib/gcc/avr/4.3.3/avr5\libgcc.a

.hash
 *(.hash)

.dynsym
 *(.dynsym)

.dynstr
 *(.dynstr)

.gnu.version
 *(.gnu.version)

.gnu.version_d
 *(.gnu.version_d)

.gnu.version_r
 *(.gnu.version_r)

.rel.init
 *(.rel.init)

.rela.init
 *(.rela.init)

.rel.text
 *(.rel.text)
 *(.rel.text.*)
 *(.rel.gnu.linkonce.t*)

.rela.text
 *(.rela.text)
 *(.rela.text.*)
 *(.rela.gnu.linkonce.t*)

.rel.fini
 *(.rel.fini)

.rela.fini
 *(.rela.fini)

.rel.rodata
 *(.rel.rodata)
 *(.rel.rodata.*)
 *(.rel.gnu.linkonce.r*)

.rela.rodata
 *(.rela.rodata)
 *(.rela.rodata.*)
 *(.rela.gnu.linkonce.r*)

.rel.data
 *(.rel.data)
 *(.rel.data.*)
 *(.rel.gnu.linkonce.d*)

.rela.data
 *(.rela.data)
 *(.rela.data.*)
 *(.rela.gnu.linkonce.d*)

.rel.ctors
 *(.rel.ctors)

.rela.ctors
 *(.rela.ctors)

.rel.dtors
 *(.rel.dtors)

.rela.dtors
 *(.rela.dtors)

.rel.got
 *(.rel.got)

.rela.got
 *(.rela.got)

.rel.bss
 *(.rel.bss)

.rela.bss
 *(.rela.bss)

.rel.plt
 *(.rel.plt)

.rela.plt
 *(.rela.plt)

.text           0x00000000     0x4890
 *(.vectors)
 .vectors       0x00000000       0x54 a:/winavr/bin/../lib/gcc/avr/4.3.3/../../../../avr/lib/avr5/crtm32.o
                0x00000000                __vectors
                0x00000000                __vector_default
 *(.vectors)
 *(.progmem.gcc*)
 *(.progmem*)
                0x00000054                . = ALIGN (0x2)
                0x00000054                __trampolines_start = .
 *(.trampolines)
 .trampolines   0x00000054        0x0 linker stubs
 *(.trampolines*)
                0x00000054                __trampolines_end = .
 *(.jumptables)
 *(.jumptables*)
 *(.lowtext)
 *(.lowtext*)
                0x00000054                __ctors_start = .
 *(.ctors)
                0x00000054                __ctors_end = .
                0x00000054                __dtors_start = .
 *(.dtors)
                0x00000054                __dtors_end = .
 SORT(*)(.ctors)
 SORT(*)(.dtors)
 *(.init0)
 .init0         0x00000054        0x0 a:/winavr/bin/../lib/gcc/avr/4.3.3/../../../../avr/lib/avr5/crtm32.o
                0x00000054                __init
 *(.init0)
 *(.init1)
 *(.init1)
 *(.init2)
 .init2         0x00000054        0xc a:/winavr/bin/../lib/gcc/avr/4.3.3/../../../../avr/lib/avr5/crtm32.o
 *(.init2)
 *(.init3)
 *(.init3)
 *(.init4)
 .init4         0x00000060       0x16 a:/winavr/bin/../lib/gcc/avr/4.3.3/avr5\libgcc.a(_copy_data.o)
                0x00000060                __do_copy_data
 .init4         0x00000076       0x10 a:/winavr/bin/../lib/gcc/avr/4.3.3/avr5\libgcc.a(_clear_bss.o)
                0x00000076                __do_clear_bss
 *(.init4)
 *(.init5)
 *(.init5)
 *(.init6)
 *(.init6)
 *(.init7)
 *(.init7)
 *(.init8)
 *(.init8)
 *(.init9)
 .init9         0x00000086        0x8 a:/winavr/bin/../lib/gcc/avr/4.3.3/../../../../avr/lib/avr5/crtm32.o
 *(.init9)
 *(.text)
 .text          0x0000008e        0x4 a:/winavr/bin/../lib/gcc/avr/4.3.3/../../../../avr/lib/avr5/crtm32.o
                0x0000008e                __vector_1
                0x0000008e                __vector_12
                0x0000008e                __bad_interrupt
                0x0000008e                __vector_3
                0x0000008e                __vector_17
                0x0000008e                __vector_19
                0x0000008e                __vector_2
                0x0000008e                __vector_16
                0x0000008e                __vector_18
                0x0000008e                __vector_20
 .text          0x00000092        0x0 ./03-MCAL/UART/Global_Interrupt_program.o
 .text          0x00000092        0x0 ./03-MCAL/UART/UART_program.o
 .text          0x00000092        0x0 ./03-MCAL/TIM/TIM_program.o
 .text          0x00000092        0x0 ./03-MCAL/DIO/DIO_program.o
 .text          0x00000092        0x0 ./03-MCAL/ADC/ADC_program.o
 .text          0x00000092        0x0 ./02-HAL/LCD/LCD.o
 .text          0x00000092        0x0 ./02-HAL/KEYPAD/KEYPAD.o
 .text          0x00000092        0x0 ./main_2.o
 .text          0x00000092        0x0 a:/winavr/bin/../lib/gcc/avr/4.3.3/avr5\libgcc.a(_mulsi3.o)
 .text          0x00000092        0x0 a:/winavr/bin/../lib/gcc/avr/4.3.3/avr5\libgcc.a(_udivmodsi4.o)
 .text          0x00000092        0x0 a:/winavr/bin/../lib/gcc/avr/4.3.3/avr5\libgcc.a(_exit.o)
 .text          0x00000092        0x0 a:/winavr/bin/../lib/gcc/avr/4.3.3/avr5\libgcc.a(_copy_data.o)
 .text          0x00000092        0x0 a:/winavr/bin/../lib/gcc/avr/4.3.3/avr5\libgcc.a(_clear_bss.o)
 .text          0x00000092       0x58 a:/winavr/bin/../lib/gcc/avr/4.3.3/avr5\libgcc.a(_fixunssfsi.o)
                0x00000092                __fixunssfsi
 .text          0x000000ea      0x354 a:/winavr/bin/../lib/gcc/avr/4.3.3/avr5\libgcc.a(_addsub_sf.o)
                0x00000382                __subsf3
                0x000003e4                __addsf3
 .text          0x0000043e      0x1f4 a:/winavr/bin/../lib/gcc/avr/4.3.3/avr5\libgcc.a(_mul_sf.o)
                0x0000043e                __mulsf3
 .text          0x00000632      0x158 a:/winavr/bin/../lib/gcc/avr/4.3.3/avr5\libgcc.a(_div_sf.o)
                0x00000632                __divsf3
 .text          0x0000078a       0x60 a:/winavr/bin/../lib/gcc/avr/4.3.3/avr5\libgcc.a(_gt_sf.o)
                0x0000078a                __gtsf2
 .text          0x000007ea       0x60 a:/winavr/bin/../lib/gcc/avr/4.3.3/avr5\libgcc.a(_ge_sf.o)
                0x000007ea                __gesf2
 .text          0x0000084a       0x60 a:/winavr/bin/../lib/gcc/avr/4.3.3/avr5\libgcc.a(_lt_sf.o)
                0x0000084a                __ltsf2
 .text          0x000008aa       0xbc a:/winavr/bin/../lib/gcc/avr/4.3.3/avr5\libgcc.a(_si_to_sf.o)
                0x000008aa                __floatsisf
 .text          0x00000966       0xa8 a:/winavr/bin/../lib/gcc/avr/4.3.3/avr5\libgcc.a(_sf_to_si.o)
                0x00000966                __fixsfsi
 .text          0x00000a0e        0x0 a:/winavr/bin/../lib/gcc/avr/4.3.3/avr5\libgcc.a(_thenan_sf.o)
 .text          0x00000a0e       0xf2 a:/winavr/bin/../lib/gcc/avr/4.3.3/avr5\libgcc.a(_usi_to_sf.o)
                0x00000a0e                __floatunsisf
 .text          0x00000b00        0x0 a:/winavr/bin/../lib/gcc/avr/4.3.3/avr5\libgcc.a(_prologue.o)
 .text          0x00000b00        0x0 a:/winavr/bin/../lib/gcc/avr/4.3.3/avr5\libgcc.a(_epilogue.o)
 .text          0x00000b00       0x9e a:/winavr/bin/../lib/gcc/avr/4.3.3/avr5\libgcc.a(_clzsi2.o)
                0x00000b00                __clzsi2
 .text          0x00000b9e      0x1aa a:/winavr/bin/../lib/gcc/avr/4.3.3/avr5\libgcc.a(_pack_sf.o)
                0x00000b9e                __pack_f
 .text          0x00000d48       0xf0 a:/winavr/bin/../lib/gcc/avr/4.3.3/avr5\libgcc.a(_unpack_sf.o)
                0x00000d48                __unpack_f
 .text          0x00000e38       0xb2 a:/winavr/bin/../lib/gcc/avr/4.3.3/avr5\libgcc.a(_fpcmp_parts_sf.o)
                0x00000e38                __fpcmp_parts_f
 .text          0x00000eea        0x0 a:/winavr/bin/../lib/gcc/avr/4.3.3/avr5\libgcc.a(_clz.o)
                0x00000eea                . = ALIGN (0x2)
 *(.text.*)
 .text.Global_Interrupt_Enable
                0x00000eea       0x1c ./03-MCAL/UART/Global_Interrupt_program.o
                0x00000eea                Global_Interrupt_Enable
 .text.Global_Interrupt_Disable
                0x00000f06       0x1c ./03-MCAL/UART/Global_Interrupt_program.o
                0x00000f06                Global_Interrupt_Disable
 .text.UART_voidInit
                0x00000f22       0x94 ./03-MCAL/UART/UART_program.o
                0x00000f22                UART_voidInit
 .text.UART_voidSendData_Asynch
                0x00000fb6       0x1c ./03-MCAL/UART/UART_program.o
                0x00000fb6                UART_voidSendData_Asynch
 .text.UART_u8ReceiveData
                0x00000fd2       0x14 ./03-MCAL/UART/UART_program.o
                0x00000fd2                UART_u8ReceiveData
 .text.__vector_13
                0x00000fe6       0x5a ./03-MCAL/UART/UART_program.o
                0x00000fe6                __vector_13
 .text.__vector_14
                0x00001040       0x5a ./03-MCAL/UART/UART_program.o
                0x00001040                __vector_14
 .text.__vector_15
                0x0000109a       0x20 ./03-MCAL/UART/UART_program.o
                0x0000109a                __vector_15
 .text.UARTTX_vidSetISR
                0x000010ba       0x24 ./03-MCAL/UART/UART_program.o
                0x000010ba                UARTTX_vidSetISR
 .text.UARTRX_vidSetISR
                0x000010de       0x24 ./03-MCAL/UART/UART_program.o
                0x000010de                UARTRX_vidSetISR
 .text.disable_tx
                0x00001102       0x1c ./03-MCAL/UART/UART_program.o
                0x00001102                disable_tx
 .text.enable_tx
                0x0000111e       0x1c ./03-MCAL/UART/UART_program.o
                0x0000111e                enable_tx
 .text.TIM_voidIni
                0x0000113a      0x15e ./03-MCAL/TIM/TIM_program.o
                0x0000113a                TIM_voidIni
 .text.TIM_voidStart
                0x00001298      0x6a8 ./03-MCAL/TIM/TIM_program.o
                0x00001298                TIM_voidStart
 .text.TIM_voidStop
                0x00001940       0xdc ./03-MCAL/TIM/TIM_program.o
                0x00001940                TIM_voidStop
 .text.TIM_voidEnableIntterput
                0x00001a1c      0x136 ./03-MCAL/TIM/TIM_program.o
                0x00001a1c                TIM_voidEnableIntterput
 .text.TIM_voidDisableIntterput
                0x00001b52      0x126 ./03-MCAL/TIM/TIM_program.o
                0x00001b52                TIM_voidDisableIntterput
 .text.TIM_voidGetISR
                0x00001c78       0xfa ./03-MCAL/TIM/TIM_program.o
                0x00001c78                TIM_voidGetISR
 .text.TIM_u16GetTimerCount
                0x00001d72       0x7c ./03-MCAL/TIM/TIM_program.o
                0x00001d72                TIM_u16GetTimerCount
 .text.TIM_voidSetComperMatch
                0x00001dee       0xa8 ./03-MCAL/TIM/TIM_program.o
                0x00001dee                TIM_voidSetComperMatch
 .text.TIM_voidSetCountRegister
                0x00001e96       0x6a ./03-MCAL/TIM/TIM_program.o
                0x00001e96                TIM_voidSetCountRegister
 .text.TIM_voidMakeActionAsynchronous
                0x00001f00      0x35a ./03-MCAL/TIM/TIM_program.o
                0x00001f00                TIM_voidMakeActionAsynchronous
 .text.TIM_voidSetPWMDC
                0x0000225a       0xa4 ./03-MCAL/TIM/TIM_program.o
                0x0000225a                TIM_voidSetPWMDC
 .text.TIM0_ActionAsynchronou
                0x000022fe       0xa2 ./03-MCAL/TIM/TIM_program.o
 .text.TIM1_ActionAsynchronou
                0x000023a0       0xa2 ./03-MCAL/TIM/TIM_program.o
 .text.TIM2_ActionAsynchronou
                0x00002442       0xa2 ./03-MCAL/TIM/TIM_program.o
 .text.__vector_4
                0x000024e4       0x66 ./03-MCAL/TIM/TIM_program.o
                0x000024e4                __vector_4
 .text.__vector_5
                0x0000254a       0x66 ./03-MCAL/TIM/TIM_program.o
                0x0000254a                __vector_5
 .text.__vector_6
                0x000025b0       0x66 ./03-MCAL/TIM/TIM_program.o
                0x000025b0                __vector_6
 .text.__vector_7
                0x00002616       0x66 ./03-MCAL/TIM/TIM_program.o
                0x00002616                __vector_7
 .text.__vector_8
                0x0000267c       0x66 ./03-MCAL/TIM/TIM_program.o
                0x0000267c                __vector_8
 .text.__vector_9
                0x000026e2       0x66 ./03-MCAL/TIM/TIM_program.o
                0x000026e2                __vector_9
 .text.__vector_10
                0x00002748       0x66 ./03-MCAL/TIM/TIM_program.o
                0x00002748                __vector_10
 .text.__vector_11
                0x000027ae       0x66 ./03-MCAL/TIM/TIM_program.o
                0x000027ae                __vector_11
 .text.DIO_voidIniPins
                0x00002814       0x4a ./03-MCAL/DIO/DIO_program.o
                0x00002814                DIO_voidIniPins
 .text.DIO_voidSetPinsValue
                0x0000285e       0x4a ./03-MCAL/DIO/DIO_program.o
                0x0000285e                DIO_voidSetPinsValue
 .text.DIO_u8GetPinsValue
                0x000028a8       0x28 ./03-MCAL/DIO/DIO_program.o
                0x000028a8                DIO_u8GetPinsValue
 .text.DIO_voidTogglePins
                0x000028d0       0x2e ./03-MCAL/DIO/DIO_program.o
                0x000028d0                DIO_voidTogglePins
 .text.DIO_voidSetPortValue
                0x000028fe       0x26 ./03-MCAL/DIO/DIO_program.o
                0x000028fe                DIO_voidSetPortValue
 .text.ADC_voidini
                0x00002924       0x70 ./03-MCAL/ADC/ADC_program.o
                0x00002924                ADC_voidini
 .text.ADC_voidEnable
                0x00002994       0x20 ./03-MCAL/ADC/ADC_program.o
                0x00002994                ADC_voidEnable
 .text.ADC_voidDisable
                0x000029b4       0x20 ./03-MCAL/ADC/ADC_program.o
                0x000029b4                ADC_voidDisable
 .text.ADC_u16Conversion
                0x000029d4      0x444 ./03-MCAL/ADC/ADC_program.o
                0x000029d4                ADC_u16Conversion
 .text.LCD_voidSendData
                0x00002e18      0x230 ./02-HAL/LCD/LCD.o
                0x00002e18                LCD_voidSendData
 .text.LCD_voidSendCommand
                0x00003048      0x230 ./02-HAL/LCD/LCD.o
                0x00003048                LCD_voidSendCommand
 .text.LCD_voidini
                0x00003278      0x516 ./02-HAL/LCD/LCD.o
                0x00003278                LCD_voidini
 .text.LCD_voidSetCursorLocation
                0x0000378e       0x54 ./02-HAL/LCD/LCD.o
                0x0000378e                LCD_voidSetCursorLocation
 .text.LCD_voidClearDisplay
                0x000037e2       0x14 ./02-HAL/LCD/LCD.o
                0x000037e2                LCD_voidClearDisplay
 .text.LCD_voidwriteString
                0x000037f6       0x54 ./02-HAL/LCD/LCD.o
                0x000037f6                LCD_voidwriteString
 .text.LCD_voidWriteNumber
                0x0000384a       0xfa ./02-HAL/LCD/LCD.o
                0x0000384a                LCD_voidWriteNumber
 .text.LCD_voidWriteFloatNumber
                0x00003944      0x246 ./02-HAL/LCD/LCD.o
                0x00003944                LCD_voidWriteFloatNumber
 .text.KEYPAD_voidini
                0x00003b8a       0x86 ./02-HAL/KEYPAD/KEYPAD.o
                0x00003b8a                KEYPAD_voidini
 .text.KEYPAD_u8Scan
                0x00003c10      0x1f4 ./02-HAL/KEYPAD/KEYPAD.o
                0x00003c10                KEYPAD_u8Scan
 .text.KEYPAD_u8ScanWithStop
                0x00003e04      0x226 ./02-HAL/KEYPAD/KEYPAD.o
                0x00003e04                KEYPAD_u8ScanWithStop
 .text.counter_func
                0x0000402a       0x5e ./main_2.o
                0x0000402a                counter_func
 .text.receive_char
                0x00004088       0x4e ./main_2.o
                0x00004088                receive_char
 .text.main     0x000040d6      0x188 ./main_2.o
                0x000040d6                main
 .text.myfun    0x0000425e      0x1ea ./main_2.o
                0x0000425e                myfun
 .text.Motor_Speed_Func_Manual
                0x00004448       0x48 ./main_2.o
                0x00004448                Motor_Speed_Func_Manual
 .text.Temp_Automatic_measure
                0x00004490      0x30c ./main_2.o
                0x00004490                Temp_Automatic_measure
 .text.libgcc   0x0000479c       0x3e a:/winavr/bin/../lib/gcc/avr/4.3.3/avr5\libgcc.a(_mulsi3.o)
                0x0000479c                __mulsi3
 .text.libgcc   0x000047da       0x44 a:/winavr/bin/../lib/gcc/avr/4.3.3/avr5\libgcc.a(_udivmodsi4.o)
                0x000047da                __udivmodsi4
 .text.libgcc   0x0000481e        0x0 a:/winavr/bin/../lib/gcc/avr/4.3.3/avr5\libgcc.a(_exit.o)
 .text.libgcc   0x0000481e        0x0 a:/winavr/bin/../lib/gcc/avr/4.3.3/avr5\libgcc.a(_copy_data.o)
 .text.libgcc   0x0000481e        0x0 a:/winavr/bin/../lib/gcc/avr/4.3.3/avr5\libgcc.a(_clear_bss.o)
 .text.libgcc   0x0000481e       0x38 a:/winavr/bin/../lib/gcc/avr/4.3.3/avr5\libgcc.a(_prologue.o)
                0x0000481e                __prologue_saves__
 .text.libgcc   0x00004856       0x36 a:/winavr/bin/../lib/gcc/avr/4.3.3/avr5\libgcc.a(_epilogue.o)
                0x00004856                __epilogue_restores__
                0x0000488c                . = ALIGN (0x2)
 *(.fini9)
 .fini9         0x0000488c        0x0 a:/winavr/bin/../lib/gcc/avr/4.3.3/avr5\libgcc.a(_exit.o)
                0x0000488c                exit
                0x0000488c                _exit
 *(.fini9)
 *(.fini8)
 *(.fini8)
 *(.fini7)
 *(.fini7)
 *(.fini6)
 *(.fini6)
 *(.fini5)
 *(.fini5)
 *(.fini4)
 *(.fini4)
 *(.fini3)
 *(.fini3)
 *(.fini2)
 *(.fini2)
 *(.fini1)
 *(.fini1)
 *(.fini0)
 .fini0         0x0000488c        0x4 a:/winavr/bin/../lib/gcc/avr/4.3.3/avr5\libgcc.a(_exit.o)
 *(.fini0)
                0x00004890                _etext = .

.data           0x00800060      0x156 load address 0x00004890
                0x00800060                PROVIDE (__data_start, .)
 *(.data)
 .data          0x00800060        0x0 a:/winavr/bin/../lib/gcc/avr/4.3.3/../../../../avr/lib/avr5/crtm32.o
 .data          0x00800060        0x0 ./03-MCAL/UART/Global_Interrupt_program.o
 .data          0x00800060        0x0 ./03-MCAL/UART/UART_program.o
 .data          0x00800060        0x0 ./03-MCAL/TIM/TIM_program.o
 .data          0x00800060        0x0 ./03-MCAL/DIO/DIO_program.o
 .data          0x00800060        0x0 ./03-MCAL/ADC/ADC_program.o
 .data          0x00800060        0x0 ./02-HAL/LCD/LCD.o
 .data          0x00800060        0x0 ./02-HAL/KEYPAD/KEYPAD.o
 .data          0x00800060       0x35 ./main_2.o
 .data          0x00800095        0x0 a:/winavr/bin/../lib/gcc/avr/4.3.3/avr5\libgcc.a(_mulsi3.o)
 .data          0x00800095        0x0 a:/winavr/bin/../lib/gcc/avr/4.3.3/avr5\libgcc.a(_udivmodsi4.o)
 .data          0x00800095        0x0 a:/winavr/bin/../lib/gcc/avr/4.3.3/avr5\libgcc.a(_exit.o)
 .data          0x00800095        0x0 a:/winavr/bin/../lib/gcc/avr/4.3.3/avr5\libgcc.a(_copy_data.o)
 .data          0x00800095        0x0 a:/winavr/bin/../lib/gcc/avr/4.3.3/avr5\libgcc.a(_clear_bss.o)
 .data          0x00800095        0x0 a:/winavr/bin/../lib/gcc/avr/4.3.3/avr5\libgcc.a(_fixunssfsi.o)
 .data          0x00800095        0x0 a:/winavr/bin/../lib/gcc/avr/4.3.3/avr5\libgcc.a(_addsub_sf.o)
 .data          0x00800095        0x0 a:/winavr/bin/../lib/gcc/avr/4.3.3/avr5\libgcc.a(_mul_sf.o)
 .data          0x00800095        0x0 a:/winavr/bin/../lib/gcc/avr/4.3.3/avr5\libgcc.a(_div_sf.o)
 .data          0x00800095        0x0 a:/winavr/bin/../lib/gcc/avr/4.3.3/avr5\libgcc.a(_gt_sf.o)
 .data          0x00800095        0x0 a:/winavr/bin/../lib/gcc/avr/4.3.3/avr5\libgcc.a(_ge_sf.o)
 .data          0x00800095        0x0 a:/winavr/bin/../lib/gcc/avr/4.3.3/avr5\libgcc.a(_lt_sf.o)
 .data          0x00800095        0x0 a:/winavr/bin/../lib/gcc/avr/4.3.3/avr5\libgcc.a(_si_to_sf.o)
 .data          0x00800095        0x0 a:/winavr/bin/../lib/gcc/avr/4.3.3/avr5\libgcc.a(_sf_to_si.o)
 .data          0x00800095        0x8 a:/winavr/bin/../lib/gcc/avr/4.3.3/avr5\libgcc.a(_thenan_sf.o)
                0x00800095                __thenan_sf
 .data          0x0080009d        0x0 a:/winavr/bin/../lib/gcc/avr/4.3.3/avr5\libgcc.a(_usi_to_sf.o)
 .data          0x0080009d        0x0 a:/winavr/bin/../lib/gcc/avr/4.3.3/avr5\libgcc.a(_prologue.o)
 .data          0x0080009d        0x0 a:/winavr/bin/../lib/gcc/avr/4.3.3/avr5\libgcc.a(_epilogue.o)
 .data          0x0080009d        0x0 a:/winavr/bin/../lib/gcc/avr/4.3.3/avr5\libgcc.a(_clzsi2.o)
 .data          0x0080009d        0x0 a:/winavr/bin/../lib/gcc/avr/4.3.3/avr5\libgcc.a(_pack_sf.o)
 .data          0x0080009d        0x0 a:/winavr/bin/../lib/gcc/avr/4.3.3/avr5\libgcc.a(_unpack_sf.o)
 .data          0x0080009d        0x0 a:/winavr/bin/../lib/gcc/avr/4.3.3/avr5\libgcc.a(_fpcmp_parts_sf.o)
 .data          0x0080009d      0x100 a:/winavr/bin/../lib/gcc/avr/4.3.3/avr5\libgcc.a(_clz.o)
                0x0080009d                __clz_tab
 *(.data*)
 .data.i        0x0080019d        0x1 ./main_2.o
                0x0080019d                i
 *(.rodata)
 *(.rodata*)
 .rodata.ROWS   0x0080019e        0x4 ./02-HAL/KEYPAD/KEYPAD.o
 .rodata.COLUMS
                0x008001a2        0x4 ./02-HAL/KEYPAD/KEYPAD.o
 .rodata.KEYS   0x008001a6       0x10 ./02-HAL/KEYPAD/KEYPAD.o
 *(.gnu.linkonce.d*)
                0x008001b6                . = ALIGN (0x2)
                0x008001b6                _edata = .
                0x008001b6                PROVIDE (__data_end, .)

.bss            0x008001b6       0x4e
                0x008001b6                PROVIDE (__bss_start, .)
 *(.bss)
 .bss           0x008001b6        0x0 a:/winavr/bin/../lib/gcc/avr/4.3.3/../../../../avr/lib/avr5/crtm32.o
 .bss           0x008001b6        0x0 ./03-MCAL/UART/Global_Interrupt_program.o
 .bss           0x008001b6        0x0 ./03-MCAL/UART/UART_program.o
 .bss           0x008001b6        0x0 ./03-MCAL/TIM/TIM_program.o
 .bss           0x008001b6        0x0 ./03-MCAL/DIO/DIO_program.o
 .bss           0x008001b6        0x0 ./03-MCAL/ADC/ADC_program.o
 .bss           0x008001b6        0x0 ./02-HAL/LCD/LCD.o
 .bss           0x008001b6        0x0 ./02-HAL/KEYPAD/KEYPAD.o
 .bss           0x008001b6        0x0 ./main_2.o
 .bss           0x008001b6        0x0 a:/winavr/bin/../lib/gcc/avr/4.3.3/avr5\libgcc.a(_mulsi3.o)
 .bss           0x008001b6        0x0 a:/winavr/bin/../lib/gcc/avr/4.3.3/avr5\libgcc.a(_udivmodsi4.o)
 .bss           0x008001b6        0x0 a:/winavr/bin/../lib/gcc/avr/4.3.3/avr5\libgcc.a(_exit.o)
 .bss           0x008001b6        0x0 a:/winavr/bin/../lib/gcc/avr/4.3.3/avr5\libgcc.a(_copy_data.o)
 .bss           0x008001b6        0x0 a:/winavr/bin/../lib/gcc/avr/4.3.3/avr5\libgcc.a(_clear_bss.o)
 .bss           0x008001b6        0x0 a:/winavr/bin/../lib/gcc/avr/4.3.3/avr5\libgcc.a(_fixunssfsi.o)
 .bss           0x008001b6        0x0 a:/winavr/bin/../lib/gcc/avr/4.3.3/avr5\libgcc.a(_addsub_sf.o)
 .bss           0x008001b6        0x0 a:/winavr/bin/../lib/gcc/avr/4.3.3/avr5\libgcc.a(_mul_sf.o)
 .bss           0x008001b6        0x0 a:/winavr/bin/../lib/gcc/avr/4.3.3/avr5\libgcc.a(_div_sf.o)
 .bss           0x008001b6        0x0 a:/winavr/bin/../lib/gcc/avr/4.3.3/avr5\libgcc.a(_gt_sf.o)
 .bss           0x008001b6        0x0 a:/winavr/bin/../lib/gcc/avr/4.3.3/avr5\libgcc.a(_ge_sf.o)
 .bss           0x008001b6        0x0 a:/winavr/bin/../lib/gcc/avr/4.3.3/avr5\libgcc.a(_lt_sf.o)
 .bss           0x008001b6        0x0 a:/winavr/bin/../lib/gcc/avr/4.3.3/avr5\libgcc.a(_si_to_sf.o)
 .bss           0x008001b6        0x0 a:/winavr/bin/../lib/gcc/avr/4.3.3/avr5\libgcc.a(_sf_to_si.o)
 .bss           0x008001b6        0x0 a:/winavr/bin/../lib/gcc/avr/4.3.3/avr5\libgcc.a(_thenan_sf.o)
 .bss           0x008001b6        0x0 a:/winavr/bin/../lib/gcc/avr/4.3.3/avr5\libgcc.a(_usi_to_sf.o)
 .bss           0x008001b6        0x0 a:/winavr/bin/../lib/gcc/avr/4.3.3/avr5\libgcc.a(_prologue.o)
 .bss           0x008001b6        0x0 a:/winavr/bin/../lib/gcc/avr/4.3.3/avr5\libgcc.a(_epilogue.o)
 .bss           0x008001b6        0x0 a:/winavr/bin/../lib/gcc/avr/4.3.3/avr5\libgcc.a(_clzsi2.o)
 .bss           0x008001b6        0x0 a:/winavr/bin/../lib/gcc/avr/4.3.3/avr5\libgcc.a(_pack_sf.o)
 .bss           0x008001b6        0x0 a:/winavr/bin/../lib/gcc/avr/4.3.3/avr5\libgcc.a(_unpack_sf.o)
 .bss           0x008001b6        0x0 a:/winavr/bin/../lib/gcc/avr/4.3.3/avr5\libgcc.a(_fpcmp_parts_sf.o)
 .bss           0x008001b6        0x0 a:/winavr/bin/../lib/gcc/avr/4.3.3/avr5\libgcc.a(_clz.o)
 *(.bss*)
 .bss.Global_Var
                0x008001b6        0x1 ./03-MCAL/UART/UART_program.o
                0x008001b6                Global_Var
 .bss.Tx_pf     0x008001b7        0x2 ./03-MCAL/UART/UART_program.o
                0x008001b7                Tx_pf
 .bss.Rx_pf     0x008001b9        0x2 ./03-MCAL/UART/UART_program.o
                0x008001b9                Rx_pf
 .bss.Data      0x008001bb        0x1 ./03-MCAL/UART/UART_program.o
                0x008001bb                Data
 .bss.TIMER2_COMP_pf
                0x008001bc        0x2 ./03-MCAL/TIM/TIM_program.o
 .bss.TIMER2_OVF_pf
                0x008001be        0x2 ./03-MCAL/TIM/TIM_program.o
 .bss.TIMER1_CAPT_pf
                0x008001c0        0x2 ./03-MCAL/TIM/TIM_program.o
 .bss.TIMER1_COMPA_pf
                0x008001c2        0x2 ./03-MCAL/TIM/TIM_program.o
 .bss.TIMER1_COMPB_pf
                0x008001c4        0x2 ./03-MCAL/TIM/TIM_program.o
 .bss.TIMER1_OVF_pf
                0x008001c6        0x2 ./03-MCAL/TIM/TIM_program.o
 .bss.TIMER0_COMP_pf
                0x008001c8        0x2 ./03-MCAL/TIM/TIM_program.o
 .bss.TIMER0_OVF_pf
                0x008001ca        0x2 ./03-MCAL/TIM/TIM_program.o
 .bss.TIM0_ActionAsynchronou_ptr
                0x008001cc        0x2 ./03-MCAL/TIM/TIM_program.o
 .bss.TIM1_ActionAsynchronou_ptr
                0x008001ce        0x2 ./03-MCAL/TIM/TIM_program.o
 .bss.TIM2_ActionAsynchronou_ptr
                0x008001d0        0x2 ./03-MCAL/TIM/TIM_program.o
 .bss.TIM0_PreLoadCunts
                0x008001d2        0x1 ./03-MCAL/TIM/TIM_program.o
 .bss.TIM1_PreLoadCunts
                0x008001d3        0x2 ./03-MCAL/TIM/TIM_program.o
 .bss.TIM2_PreLoadCunts
                0x008001d5        0x1 ./03-MCAL/TIM/TIM_program.o
 .bss.TIM0_OverFlowTimes
                0x008001d6        0x4 ./03-MCAL/TIM/TIM_program.o
 .bss.TIM1_OverFlowTimes
                0x008001da        0x4 ./03-MCAL/TIM/TIM_program.o
 .bss.TIM2_OverFlowTimes
                0x008001de        0x4 ./03-MCAL/TIM/TIM_program.o
 .bss.counter.2050
                0x008001e2        0x4 ./03-MCAL/TIM/TIM_program.o
 .bss.counter.2068
                0x008001e6        0x4 ./03-MCAL/TIM/TIM_program.o
 .bss.counter.2085
                0x008001ea        0x4 ./03-MCAL/TIM/TIM_program.o
 .bss.is_first  0x008001ee        0x1 ./main_2.o
                0x008001ee                is_first
 .bss.option    0x008001ef        0x1 ./main_2.o
                0x008001ef                option
 .bss.mode      0x008001f0        0x1 ./main_2.o
                0x008001f0                mode
 .bss.count.1435
                0x008001f1        0x4 ./main_2.o
 *(COMMON)
 COMMON         0x008001f5        0xf ./main_2.o
                0x008001f5                Temp_digital
                0x008001f9                Temp_Analog
                0x008001fb                option_final
                0x008001fc                Rx_data
                0x008001fd                poten_digital
                0x00800201                mode_final
                0x00800202                Poten_Analog
                0x00800204                PROVIDE (__bss_end, .)
                0x00004890                __data_load_start = LOADADDR (.data)
                0x000049e6                __data_load_end = (__data_load_start + SIZEOF (.data))

.noinit         0x00800204        0x0
                0x00800204                PROVIDE (__noinit_start, .)
 *(.noinit*)
                0x00800204                PROVIDE (__noinit_end, .)
                0x00800204                _end = .
                0x00800204                PROVIDE (__heap_start, .)

.eeprom         0x00810000        0x0
 *(.eeprom*)
                0x00810000                __eeprom_end = .

.fuse
 *(.fuse)
 *(.lfuse)
 *(.hfuse)
 *(.efuse)

.lock
 *(.lock*)

.signature
 *(.signature*)

.stab           0x00000000     0x3d68
 *(.stab)
 .stab          0x00000000      0x1c8 ./03-MCAL/UART/Global_Interrupt_program.o
 .stab          0x000001c8      0x3d8 ./03-MCAL/UART/UART_program.o
                                0x45c (size before relaxing)
 .stab          0x000005a0     0x1200 ./03-MCAL/TIM/TIM_program.o
                               0x120c (size before relaxing)
 .stab          0x000017a0      0x318 ./03-MCAL/DIO/DIO_program.o
                                0x324 (size before relaxing)
 .stab          0x00001ab8      0x564 ./03-MCAL/ADC/ADC_program.o
                                0x570 (size before relaxing)
 .stab          0x0000201c      0xf0c ./02-HAL/LCD/LCD.o
                                0xf18 (size before relaxing)
 .stab          0x00002f28      0x5a0 ./02-HAL/KEYPAD/KEYPAD.o
                                0x75c (size before relaxing)
 .stab          0x000034c8      0x8a0 ./main_2.o
                                0xb04 (size before relaxing)

.stabstr        0x00000000     0x1dec
 *(.stabstr)
 .stabstr       0x00000000     0x1dec ./03-MCAL/UART/Global_Interrupt_program.o

.stab.excl
 *(.stab.excl)

.stab.exclstr
 *(.stab.exclstr)

.stab.index
 *(.stab.index)

.stab.indexstr
 *(.stab.indexstr)

.comment
 *(.comment)

.debug
 *(.debug)

.line
 *(.line)

.debug_srcinfo
 *(.debug_srcinfo)

.debug_sfnames
 *(.debug_sfnames)

.debug_aranges  0x00000000      0x1c0
 *(.debug_aranges)
 .debug_aranges
                0x00000000       0x20 a:/winavr/bin/../lib/gcc/avr/4.3.3/avr5\libgcc.a(_fixunssfsi.o)
 .debug_aranges
                0x00000020       0x20 a:/winavr/bin/../lib/gcc/avr/4.3.3/avr5\libgcc.a(_addsub_sf.o)
 .debug_aranges
                0x00000040       0x20 a:/winavr/bin/../lib/gcc/avr/4.3.3/avr5\libgcc.a(_mul_sf.o)
 .debug_aranges
                0x00000060       0x20 a:/winavr/bin/../lib/gcc/avr/4.3.3/avr5\libgcc.a(_div_sf.o)
 .debug_aranges
                0x00000080       0x20 a:/winavr/bin/../lib/gcc/avr/4.3.3/avr5\libgcc.a(_gt_sf.o)
 .debug_aranges
                0x000000a0       0x20 a:/winavr/bin/../lib/gcc/avr/4.3.3/avr5\libgcc.a(_ge_sf.o)
 .debug_aranges
                0x000000c0       0x20 a:/winavr/bin/../lib/gcc/avr/4.3.3/avr5\libgcc.a(_lt_sf.o)
 .debug_aranges
                0x000000e0       0x20 a:/winavr/bin/../lib/gcc/avr/4.3.3/avr5\libgcc.a(_si_to_sf.o)
 .debug_aranges
                0x00000100       0x20 a:/winavr/bin/../lib/gcc/avr/4.3.3/avr5\libgcc.a(_sf_to_si.o)
 .debug_aranges
                0x00000120       0x20 a:/winavr/bin/../lib/gcc/avr/4.3.3/avr5\libgcc.a(_usi_to_sf.o)
 .debug_aranges
                0x00000140       0x20 a:/winavr/bin/../lib/gcc/avr/4.3.3/avr5\libgcc.a(_clzsi2.o)
 .debug_aranges
                0x00000160       0x20 a:/winavr/bin/../lib/gcc/avr/4.3.3/avr5\libgcc.a(_pack_sf.o)
 .debug_aranges
                0x00000180       0x20 a:/winavr/bin/../lib/gcc/avr/4.3.3/avr5\libgcc.a(_unpack_sf.o)
 .debug_aranges
                0x000001a0       0x20 a:/winavr/bin/../lib/gcc/avr/4.3.3/avr5\libgcc.a(_fpcmp_parts_sf.o)

.debug_pubnames
                0x00000000      0x214
 *(.debug_pubnames)
 .debug_pubnames
                0x00000000       0x23 a:/winavr/bin/../lib/gcc/avr/4.3.3/avr5\libgcc.a(_fixunssfsi.o)
 .debug_pubnames
                0x00000023       0x2c a:/winavr/bin/../lib/gcc/avr/4.3.3/avr5\libgcc.a(_addsub_sf.o)
 .debug_pubnames
                0x0000004f       0x1f a:/winavr/bin/../lib/gcc/avr/4.3.3/avr5\libgcc.a(_mul_sf.o)
 .debug_pubnames
                0x0000006e       0x1f a:/winavr/bin/../lib/gcc/avr/4.3.3/avr5\libgcc.a(_div_sf.o)
 .debug_pubnames
                0x0000008d       0x1e a:/winavr/bin/../lib/gcc/avr/4.3.3/avr5\libgcc.a(_gt_sf.o)
 .debug_pubnames
                0x000000ab       0x1e a:/winavr/bin/../lib/gcc/avr/4.3.3/avr5\libgcc.a(_ge_sf.o)
 .debug_pubnames
                0x000000c9       0x1e a:/winavr/bin/../lib/gcc/avr/4.3.3/avr5\libgcc.a(_lt_sf.o)
 .debug_pubnames
                0x000000e7       0x22 a:/winavr/bin/../lib/gcc/avr/4.3.3/avr5\libgcc.a(_si_to_sf.o)
 .debug_pubnames
                0x00000109       0x20 a:/winavr/bin/../lib/gcc/avr/4.3.3/avr5\libgcc.a(_sf_to_si.o)
 .debug_pubnames
                0x00000129       0x22 a:/winavr/bin/../lib/gcc/avr/4.3.3/avr5\libgcc.a(_thenan_sf.o)
 .debug_pubnames
                0x0000014b       0x24 a:/winavr/bin/../lib/gcc/avr/4.3.3/avr5\libgcc.a(_usi_to_sf.o)
 .debug_pubnames
                0x0000016f       0x1f a:/winavr/bin/../lib/gcc/avr/4.3.3/avr5\libgcc.a(_clzsi2.o)
 .debug_pubnames
                0x0000018e       0x1f a:/winavr/bin/../lib/gcc/avr/4.3.3/avr5\libgcc.a(_pack_sf.o)
 .debug_pubnames
                0x000001ad       0x21 a:/winavr/bin/../lib/gcc/avr/4.3.3/avr5\libgcc.a(_unpack_sf.o)
 .debug_pubnames
                0x000001ce       0x26 a:/winavr/bin/../lib/gcc/avr/4.3.3/avr5\libgcc.a(_fpcmp_parts_sf.o)
 .debug_pubnames
                0x000001f4       0x20 a:/winavr/bin/../lib/gcc/avr/4.3.3/avr5\libgcc.a(_clz.o)

.debug_info     0x00000000     0x2612
 *(.debug_info)
 .debug_info    0x00000000       0xb1 a:/winavr/bin/../lib/gcc/avr/4.3.3/avr5\libgcc.a(_fixunssfsi.o)
 .debug_info    0x000000b1      0x47a a:/winavr/bin/../lib/gcc/avr/4.3.3/avr5\libgcc.a(_addsub_sf.o)
 .debug_info    0x0000052b      0x485 a:/winavr/bin/../lib/gcc/avr/4.3.3/avr5\libgcc.a(_mul_sf.o)
 .debug_info    0x000009b0      0x3fc a:/winavr/bin/../lib/gcc/avr/4.3.3/avr5\libgcc.a(_div_sf.o)
 .debug_info    0x00000dac      0x27f a:/winavr/bin/../lib/gcc/avr/4.3.3/avr5\libgcc.a(_gt_sf.o)
 .debug_info    0x0000102b      0x27f a:/winavr/bin/../lib/gcc/avr/4.3.3/avr5\libgcc.a(_ge_sf.o)
 .debug_info    0x000012aa      0x27f a:/winavr/bin/../lib/gcc/avr/4.3.3/avr5\libgcc.a(_lt_sf.o)
 .debug_info    0x00001529      0x207 a:/winavr/bin/../lib/gcc/avr/4.3.3/avr5\libgcc.a(_si_to_sf.o)
 .debug_info    0x00001730      0x2b0 a:/winavr/bin/../lib/gcc/avr/4.3.3/avr5\libgcc.a(_sf_to_si.o)
 .debug_info    0x000019e0      0x12c a:/winavr/bin/../lib/gcc/avr/4.3.3/avr5\libgcc.a(_thenan_sf.o)
 .debug_info    0x00001b0c      0x206 a:/winavr/bin/../lib/gcc/avr/4.3.3/avr5\libgcc.a(_usi_to_sf.o)
 .debug_info    0x00001d12      0x117 a:/winavr/bin/../lib/gcc/avr/4.3.3/avr5\libgcc.a(_clzsi2.o)
 .debug_info    0x00001e29      0x2df a:/winavr/bin/../lib/gcc/avr/4.3.3/avr5\libgcc.a(_pack_sf.o)
 .debug_info    0x00002108      0x251 a:/winavr/bin/../lib/gcc/avr/4.3.3/avr5\libgcc.a(_unpack_sf.o)
 .debug_info    0x00002359      0x210 a:/winavr/bin/../lib/gcc/avr/4.3.3/avr5\libgcc.a(_fpcmp_parts_sf.o)
 .debug_info    0x00002569       0xa9 a:/winavr/bin/../lib/gcc/avr/4.3.3/avr5\libgcc.a(_clz.o)
 *(.gnu.linkonce.wi.*)

.debug_abbrev   0x00000000     0x14ce
 *(.debug_abbrev)
 .debug_abbrev  0x00000000       0x5d a:/winavr/bin/../lib/gcc/avr/4.3.3/avr5\libgcc.a(_fixunssfsi.o)
 .debug_abbrev  0x0000005d      0x1ea a:/winavr/bin/../lib/gcc/avr/4.3.3/avr5\libgcc.a(_addsub_sf.o)
 .debug_abbrev  0x00000247      0x21b a:/winavr/bin/../lib/gcc/avr/4.3.3/avr5\libgcc.a(_mul_sf.o)
 .debug_abbrev  0x00000462      0x216 a:/winavr/bin/../lib/gcc/avr/4.3.3/avr5\libgcc.a(_div_sf.o)
 .debug_abbrev  0x00000678      0x15a a:/winavr/bin/../lib/gcc/avr/4.3.3/avr5\libgcc.a(_gt_sf.o)
 .debug_abbrev  0x000007d2      0x15a a:/winavr/bin/../lib/gcc/avr/4.3.3/avr5\libgcc.a(_ge_sf.o)
 .debug_abbrev  0x0000092c      0x15a a:/winavr/bin/../lib/gcc/avr/4.3.3/avr5\libgcc.a(_lt_sf.o)
 .debug_abbrev  0x00000a86      0x148 a:/winavr/bin/../lib/gcc/avr/4.3.3/avr5\libgcc.a(_si_to_sf.o)
 .debug_abbrev  0x00000bce      0x17f a:/winavr/bin/../lib/gcc/avr/4.3.3/avr5\libgcc.a(_sf_to_si.o)
 .debug_abbrev  0x00000d4d       0xad a:/winavr/bin/../lib/gcc/avr/4.3.3/avr5\libgcc.a(_thenan_sf.o)
 .debug_abbrev  0x00000dfa      0x157 a:/winavr/bin/../lib/gcc/avr/4.3.3/avr5\libgcc.a(_usi_to_sf.o)
 .debug_abbrev  0x00000f51       0xc4 a:/winavr/bin/../lib/gcc/avr/4.3.3/avr5\libgcc.a(_clzsi2.o)
 .debug_abbrev  0x00001015      0x1c0 a:/winavr/bin/../lib/gcc/avr/4.3.3/avr5\libgcc.a(_pack_sf.o)
 .debug_abbrev  0x000011d5      0x154 a:/winavr/bin/../lib/gcc/avr/4.3.3/avr5\libgcc.a(_unpack_sf.o)
 .debug_abbrev  0x00001329      0x13b a:/winavr/bin/../lib/gcc/avr/4.3.3/avr5\libgcc.a(_fpcmp_parts_sf.o)
 .debug_abbrev  0x00001464       0x6a a:/winavr/bin/../lib/gcc/avr/4.3.3/avr5\libgcc.a(_clz.o)

.debug_line     0x00000000     0x130b
 *(.debug_line)
 .debug_line    0x00000000       0xa7 a:/winavr/bin/../lib/gcc/avr/4.3.3/avr5\libgcc.a(_fixunssfsi.o)
 .debug_line    0x000000a7      0x2af a:/winavr/bin/../lib/gcc/avr/4.3.3/avr5\libgcc.a(_addsub_sf.o)
 .debug_line    0x00000356      0x239 a:/winavr/bin/../lib/gcc/avr/4.3.3/avr5\libgcc.a(_mul_sf.o)
 .debug_line    0x0000058f      0x1d5 a:/winavr/bin/../lib/gcc/avr/4.3.3/avr5\libgcc.a(_div_sf.o)
 .debug_line    0x00000764       0xd3 a:/winavr/bin/../lib/gcc/avr/4.3.3/avr5\libgcc.a(_gt_sf.o)
 .debug_line    0x00000837       0xd3 a:/winavr/bin/../lib/gcc/avr/4.3.3/avr5\libgcc.a(_ge_sf.o)
 .debug_line    0x0000090a       0xd3 a:/winavr/bin/../lib/gcc/avr/4.3.3/avr5\libgcc.a(_lt_sf.o)
 .debug_line    0x000009dd      0x135 a:/winavr/bin/../lib/gcc/avr/4.3.3/avr5\libgcc.a(_si_to_sf.o)
 .debug_line    0x00000b12      0x109 a:/winavr/bin/../lib/gcc/avr/4.3.3/avr5\libgcc.a(_sf_to_si.o)
 .debug_line    0x00000c1b       0x90 a:/winavr/bin/../lib/gcc/avr/4.3.3/avr5\libgcc.a(_thenan_sf.o)
 .debug_line    0x00000cab      0x133 a:/winavr/bin/../lib/gcc/avr/4.3.3/avr5\libgcc.a(_usi_to_sf.o)
 .debug_line    0x00000dde       0xa5 a:/winavr/bin/../lib/gcc/avr/4.3.3/avr5\libgcc.a(_clzsi2.o)
 .debug_line    0x00000e83      0x18a a:/winavr/bin/../lib/gcc/avr/4.3.3/avr5\libgcc.a(_pack_sf.o)
 .debug_line    0x0000100d      0x14b a:/winavr/bin/../lib/gcc/avr/4.3.3/avr5\libgcc.a(_unpack_sf.o)
 .debug_line    0x00001158      0x137 a:/winavr/bin/../lib/gcc/avr/4.3.3/avr5\libgcc.a(_fpcmp_parts_sf.o)
 .debug_line    0x0000128f       0x7c a:/winavr/bin/../lib/gcc/avr/4.3.3/avr5\libgcc.a(_clz.o)

.debug_frame    0x00000000      0x1e0
 *(.debug_frame)
 .debug_frame   0x00000000       0x20 a:/winavr/bin/../lib/gcc/avr/4.3.3/avr5\libgcc.a(_fixunssfsi.o)
 .debug_frame   0x00000020       0x40 a:/winavr/bin/../lib/gcc/avr/4.3.3/avr5\libgcc.a(_addsub_sf.o)
 .debug_frame   0x00000060       0x20 a:/winavr/bin/../lib/gcc/avr/4.3.3/avr5\libgcc.a(_mul_sf.o)
 .debug_frame   0x00000080       0x20 a:/winavr/bin/../lib/gcc/avr/4.3.3/avr5\libgcc.a(_div_sf.o)
 .debug_frame   0x000000a0       0x20 a:/winavr/bin/../lib/gcc/avr/4.3.3/avr5\libgcc.a(_gt_sf.o)
 .debug_frame   0x000000c0       0x20 a:/winavr/bin/../lib/gcc/avr/4.3.3/avr5\libgcc.a(_ge_sf.o)
 .debug_frame   0x000000e0       0x20 a:/winavr/bin/../lib/gcc/avr/4.3.3/avr5\libgcc.a(_lt_sf.o)
 .debug_frame   0x00000100       0x20 a:/winavr/bin/../lib/gcc/avr/4.3.3/avr5\libgcc.a(_si_to_sf.o)
 .debug_frame   0x00000120       0x20 a:/winavr/bin/../lib/gcc/avr/4.3.3/avr5\libgcc.a(_sf_to_si.o)
 .debug_frame   0x00000140       0x20 a:/winavr/bin/../lib/gcc/avr/4.3.3/avr5\libgcc.a(_usi_to_sf.o)
 .debug_frame   0x00000160       0x20 a:/winavr/bin/../lib/gcc/avr/4.3.3/avr5\libgcc.a(_clzsi2.o)
 .debug_frame   0x00000180       0x20 a:/winavr/bin/../lib/gcc/avr/4.3.3/avr5\libgcc.a(_pack_sf.o)
 .debug_frame   0x000001a0       0x20 a:/winavr/bin/../lib/gcc/avr/4.3.3/avr5\libgcc.a(_unpack_sf.o)
 .debug_frame   0x000001c0       0x20 a:/winavr/bin/../lib/gcc/avr/4.3.3/avr5\libgcc.a(_fpcmp_parts_sf.o)

.debug_str      0x00000000      0x307
 *(.debug_str)
 .debug_str     0x00000000       0xbf a:/winavr/bin/../lib/gcc/avr/4.3.3/avr5\libgcc.a(_fixunssfsi.o)
                                 0xfe (size before relaxing)
 .debug_str     0x000000bf      0x14d a:/winavr/bin/../lib/gcc/avr/4.3.3/avr5\libgcc.a(_addsub_sf.o)
                                0x206 (size before relaxing)
 .debug_str     0x0000020c       0x27 a:/winavr/bin/../lib/gcc/avr/4.3.3/avr5\libgcc.a(_mul_sf.o)
                                0x1bf (size before relaxing)
 .debug_str     0x00000233       0x35 a:/winavr/bin/../lib/gcc/avr/4.3.3/avr5\libgcc.a(_div_sf.o)
                                0x1c8 (size before relaxing)
 .debug_str     0x00000268        0x8 a:/winavr/bin/../lib/gcc/avr/4.3.3/avr5\libgcc.a(_gt_sf.o)
                                0x195 (size before relaxing)
 .debug_str     0x00000270        0x8 a:/winavr/bin/../lib/gcc/avr/4.3.3/avr5\libgcc.a(_ge_sf.o)
                                0x195 (size before relaxing)
 .debug_str     0x00000278        0x8 a:/winavr/bin/../lib/gcc/avr/4.3.3/avr5\libgcc.a(_lt_sf.o)
                                0x195 (size before relaxing)
 .debug_str     0x00000280       0x1e a:/winavr/bin/../lib/gcc/avr/4.3.3/avr5\libgcc.a(_si_to_sf.o)
                                0x17b (size before relaxing)
 .debug_str     0x0000029e        0xa a:/winavr/bin/../lib/gcc/avr/4.3.3/avr5\libgcc.a(_sf_to_si.o)
                                0x19e (size before relaxing)
 .debug_str     0x00000000      0x103 a:/winavr/bin/../lib/gcc/avr/4.3.3/avr5\libgcc.a(_thenan_sf.o)
 .debug_str     0x000002a8       0x14 a:/winavr/bin/../lib/gcc/avr/4.3.3/avr5\libgcc.a(_usi_to_sf.o)
                                0x177 (size before relaxing)
 .debug_str     0x000002bc       0x20 a:/winavr/bin/../lib/gcc/avr/4.3.3/avr5\libgcc.a(_clzsi2.o)
                                0x111 (size before relaxing)
 .debug_str     0x000002dc       0x10 a:/winavr/bin/../lib/gcc/avr/4.3.3/avr5\libgcc.a(_pack_sf.o)
                                0x19d (size before relaxing)
 .debug_str     0x000002ec        0xb a:/winavr/bin/../lib/gcc/avr/4.3.3/avr5\libgcc.a(_unpack_sf.o)
                                0x17f (size before relaxing)
 .debug_str     0x000002f7       0x10 a:/winavr/bin/../lib/gcc/avr/4.3.3/avr5\libgcc.a(_fpcmp_parts_sf.o)
                                0x163 (size before relaxing)
 .debug_str     0x00000000       0xf4 a:/winavr/bin/../lib/gcc/avr/4.3.3/avr5\libgcc.a(_clz.o)

.debug_loc      0x00000000      0xa1a
 *(.debug_loc)
 .debug_loc     0x00000000       0x34 a:/winavr/bin/../lib/gcc/avr/4.3.3/avr5\libgcc.a(_fixunssfsi.o)
 .debug_loc     0x00000034      0x32a a:/winavr/bin/../lib/gcc/avr/4.3.3/avr5\libgcc.a(_addsub_sf.o)
 .debug_loc     0x0000035e      0x104 a:/winavr/bin/../lib/gcc/avr/4.3.3/avr5\libgcc.a(_mul_sf.o)
 .debug_loc     0x00000462       0xc0 a:/winavr/bin/../lib/gcc/avr/4.3.3/avr5\libgcc.a(_div_sf.o)
 .debug_loc     0x00000522       0x3c a:/winavr/bin/../lib/gcc/avr/4.3.3/avr5\libgcc.a(_gt_sf.o)
 .debug_loc     0x0000055e       0x3c a:/winavr/bin/../lib/gcc/avr/4.3.3/avr5\libgcc.a(_ge_sf.o)
 .debug_loc     0x0000059a       0x3c a:/winavr/bin/../lib/gcc/avr/4.3.3/avr5\libgcc.a(_lt_sf.o)
 .debug_loc     0x000005d6       0xac a:/winavr/bin/../lib/gcc/avr/4.3.3/avr5\libgcc.a(_si_to_sf.o)
 .debug_loc     0x00000682       0x7e a:/winavr/bin/../lib/gcc/avr/4.3.3/avr5\libgcc.a(_sf_to_si.o)
 .debug_loc     0x00000700       0x4c a:/winavr/bin/../lib/gcc/avr/4.3.3/avr5\libgcc.a(_usi_to_sf.o)
 .debug_loc     0x0000074c       0x94 a:/winavr/bin/../lib/gcc/avr/4.3.3/avr5\libgcc.a(_clzsi2.o)
 .debug_loc     0x000007e0      0x13e a:/winavr/bin/../lib/gcc/avr/4.3.3/avr5\libgcc.a(_pack_sf.o)
 .debug_loc     0x0000091e       0xac a:/winavr/bin/../lib/gcc/avr/4.3.3/avr5\libgcc.a(_unpack_sf.o)
 .debug_loc     0x000009ca       0x50 a:/winavr/bin/../lib/gcc/avr/4.3.3/avr5\libgcc.a(_fpcmp_parts_sf.o)

.debug_macinfo
 *(.debug_macinfo)
OUTPUT(MCU2_Smart_Home.elf elf32-avr)
LOAD linker stubs

.debug_ranges   0x00000000       0x50
 .debug_ranges  0x00000000       0x50 a:/winavr/bin/../lib/gcc/avr/4.3.3/avr5\libgcc.a(_mul_sf.o)
